// Vitest Snapshot v1, https://vitest.dev/guide/snapshot.html

exports[`FunnelPageDocumentRenderer > keeps a renderer snapshot signature for every registered commercial block variant 1`] = `
[
  {
    "category": "order_forms",
    "editableNodes": 15,
    "hasHorizontalOverflowGuard": true,
    "id": "order-form-editorial",
    "sections": 1,
  },
  {
    "category": "order_forms",
    "editableNodes": 15,
    "hasHorizontalOverflowGuard": true,
    "id": "order-form-spotlight",
    "sections": 1,
  },
  {
    "category": "order_forms",
    "editableNodes": 15,
    "hasHorizontalOverflowGuard": true,
    "id": "order-form-compact",
    "sections": 1,
  },
  {
    "category": "opt_in_forms",
    "editableNodes": 14,
    "hasHorizontalOverflowGuard": true,
    "id": "opt-in-form-editorial",
    "sections": 1,
  },
  {
    "category": "opt_in_forms",
    "editableNodes": 14,
    "hasHorizontalOverflowGuard": true,
    "id": "opt-in-form-spotlight",
    "sections": 1,
  },
  {
    "category": "opt_in_forms",
    "editableNodes": 14,
    "hasHorizontalOverflowGuard": true,
    "id": "opt-in-form-compact",
    "sections": 1,
  },
  {
    "category": "features",
    "editableNodes": 15,
    "hasHorizontalOverflowGuard": true,
    "id": "features-editorial",
    "sections": 1,
  },
  {
    "category": "features",
    "editableNodes": 15,
    "hasHorizontalOverflowGuard": true,
    "id": "features-spotlight",
    "sections": 1,
  },
  {
    "category": "features",
    "editableNodes": 15,
    "hasHorizontalOverflowGuard": true,
    "id": "features-compact",
    "sections": 1,
  },
  {
    "category": "page_footers",
    "editableNodes": 11,
    "hasHorizontalOverflowGuard": true,
    "id": "page-footer-editorial",
    "sections": 1,
  },
  {
    "category": "page_footers",
    "editableNodes": 11,
    "hasHorizontalOverflowGuard": true,
    "id": "page-footer-spotlight",
    "sections": 1,
  },
  {
    "category": "page_footers",
    "editableNodes": 11,
    "hasHorizontalOverflowGuard": true,
    "id": "page-footer-compact",
    "sections": 1,
  },
  {
    "category": "team_presentation",
    "editableNodes": 18,
    "hasHorizontalOverflowGuard": true,
    "id": "team-editorial",
    "sections": 1,
  },
  {
    "category": "team_presentation",
    "editableNodes": 18,
    "hasHorizontalOverflowGuard": true,
    "id": "team-spotlight",
    "sections": 1,
  },
  {
    "category": "team_presentation",
    "editableNodes": 18,
    "hasHorizontalOverflowGuard": true,
    "id": "team-compact",
    "sections": 1,
  },
  {
    "category": "welcome",
    "editableNodes": 8,
    "hasHorizontalOverflowGuard": true,
    "id": "welcome-editorial",
    "sections": 1,
  },
  {
    "category": "welcome",
    "editableNodes": 8,
    "hasHorizontalOverflowGuard": true,
    "id": "welcome-spotlight",
    "sections": 1,
  },
  {
    "category": "welcome",
    "editableNodes": 8,
    "hasHorizontalOverflowGuard": true,
    "id": "welcome-compact",
    "sections": 1,
  },
  {
    "category": "price_plans",
    "editableNodes": 21,
    "hasHorizontalOverflowGuard": true,
    "id": "price-plans-editorial",
    "sections": 1,
  },
  {
    "category": "price_plans",
    "editableNodes": 21,
    "hasHorizontalOverflowGuard": true,
    "id": "price-plans-spotlight",
    "sections": 1,
  },
  {
    "category": "price_plans",
    "editableNodes": 21,
    "hasHorizontalOverflowGuard": true,
    "id": "price-plans-compact",
    "sections": 1,
  },
  {
    "category": "page_headers",
    "editableNodes": 5,
    "hasHorizontalOverflowGuard": true,
    "id": "page-header-editorial",
    "sections": 1,
  },
  {
    "category": "page_headers",
    "editableNodes": 5,
    "hasHorizontalOverflowGuard": true,
    "id": "page-header-spotlight",
    "sections": 1,
  },
  {
    "category": "page_headers",
    "editableNodes": 5,
    "hasHorizontalOverflowGuard": true,
    "id": "page-header-compact",
    "sections": 1,
  },
  {
    "category": "testimonials",
    "editableNodes": 18,
    "hasHorizontalOverflowGuard": true,
    "id": "testimonials-editorial",
    "sections": 1,
  },
  {
    "category": "testimonials",
    "editableNodes": 18,
    "hasHorizontalOverflowGuard": true,
    "id": "testimonials-spotlight",
    "sections": 1,
  },
  {
    "category": "testimonials",
    "editableNodes": 18,
    "hasHorizontalOverflowGuard": true,
    "id": "testimonials-compact",
    "sections": 1,
  },
]
`;
